../Core/Src/main.c:78:5:main	24	static
../Core/Src/main.c:169:6:SystemClock_Config	88	static
../Core/Src/main.c:216:13:MX_TIM2_Init	48	static
../Core/Src/main.c:274:13:MX_USART3_UART_Init	8	static
../Core/Src/main.c:307:13:MX_GPIO_Init	40	static
../Core/Src/main.c:341:6:HAL_TIM_IC_CaptureCallback	16	static
../Core/Src/main.c:363:13:DWT_Delay_Init	4	static
../Core/Src/main.c:374:13:delay_us	24	static
../Core/Src/main.c:383:13:uart_printf	144	static
../Core/Src/main.c:405:6:Error_Handler	4	static,ignoring_inline_asm
