../Core/Src/main.c:83:5:main	32	static
../Core/Src/main.c:194:6:SystemClock_Config	88	static
../Core/Src/main.c:241:13:MX_CAN1_Init	48	static
../Core/Src/main.c:309:13:MX_TIM2_Init	48	static
../Core/Src/main.c:362:13:MX_USART3_UART_Init	8	static
../Core/Src/main.c:383:13:MX_GPIO_Init	48	static
../Core/Src/main.c:433:6:HAL_TIM_IC_CaptureCallback	16	static
../Core/Src/main.c:458:6:HAL_CAN_RxFifo0MsgPendingCallback	64	static
../Core/Src/main.c:477:6:TIM2_IRQHandler	8	static
../Core/Src/main.c:484:13:DWT_Delay_Init	4	static
../Core/Src/main.c:495:13:delay_us	24	static
../Core/Src/main.c:503:13:uart_printf	144	static
../Core/Src/main.c:519:6:Error_Handler	4	static,ignoring_inline_asm
