22:07:07 **** Incremental Build of configuration Debug for project SWITCH2 ****
make -j8 all 
arm-none-eabi-gcc "../Src/main.c" -mcpu=cortex-m4 -std=gnu11 -g3 -DDEBUG -DSTM32 -DSTM32F407G_DISC1 -DSTM32F4 -DSTM32F407VGTx -c -I../Inc -O0 -ffunction-sections -fdata-sections -Wall -fstack-usage -fcyclomatic-complexity -MMD -MP -MF"Src/main.d" -MT"Src/main.o" --specs=nano.specs -mfpu=fpv4-sp-d16 -mfloat-abi=soft -mthumb -o "Src/main.o"
arm-none-eabi-gcc -o "SWITCH2.elf" @"objects.list"   -mcpu=cortex-m4 -T"/home/krushna/STM32_Projects/SWITCH2/STM32F407VGTX_FLASH.ld" --specs=nosys.specs -Wl,-Map="SWITCH2.map" -Wl,--gc-sections -static --specs=nano.specs -mfpu=fpv4-sp-d16 -mfloat-abi=soft -mthumb -Wl,--start-group -lc -lm -Wl,--end-group
Finished building target: SWITCH2.elf
 
arm-none-eabi-size  SWITCH2.elf 
arm-none-eabi-objdump -h -S SWITCH2.elf  > "SWITCH2.list"
   text	   data	    bss	    dec	    hex	filename
   1248	      4	   1564	   2816	    b00	SWITCH2.elf
Finished building: default.size.stdout
 
Finished building: SWITCH2.list
 

22:07:07 Build Finished. 0 errors, 0 warnings. (took 236ms)

