21:58:51 **** Incremental Build of configuration Debug for project SWITCH ****
make -j8 all 
arm-none-eabi-gcc "../Src/main.c" -mcpu=cortex-m4 -std=gnu11 -g3 -DDEBUG -DSTM32 -DSTM32F407G_DISC1 -DSTM32F4 -DSTM32F407VGTx -c -I../Inc -O0 -ffunction-sections -fdata-sections -Wall -fstack-usage -fcyclomatic-complexity -MMD -MP -MF"Src/main.d" -MT"Src/main.o" --specs=nano.specs -mfpu=fpv4-sp-d16 -mfloat-abi=soft -mthumb -o "Src/main.o"
arm-none-eabi-gcc -o "SWITCH.elf" @"objects.list"   -mcpu=cortex-m4 -T"/home/krushna/STM32_Projects/SWITCH/STM32F407VGTX_FLASH.ld" --specs=nosys.specs -Wl,-Map="SWITCH.map" -Wl,--gc-sections -static --specs=nano.specs -mfpu=fpv4-sp-d16 -mfloat-abi=soft -mthumb -Wl,--start-group -lc -lm -Wl,--end-group
Finished building target: SWITCH.elf
 
arm-none-eabi-size  SWITCH.elf 
   text	   data	    bss	    dec	    hex	filename
   1320	      4	   1564	   2888	    b48	SWITCH.elf
Finished building: default.size.stdout
arm-none-eabi-objdump -h -S SWITCH.elf  > "SWITCH.list"
 
Finished building: SWITCH.list
 

21:58:51 Build Finished. 0 errors, 0 warnings. (took 326ms)

