22:09:05 **** Incremental Build of configuration Debug for project UART_poll_LED ****
make -j8 all 
arm-none-eabi-gcc "../Src/uart.c" -mcpu=cortex-m4 -std=gnu11 -g3 -DDEBUG -DSTM32 -DSTM32F407G_DISC1 -DSTM32F4 -DSTM32F407VGTx -c -I../Inc -O0 -ffunction-sections -fdata-sections -Wall -fstack-usage -fcyclomatic-complexity -MMD -MP -MF"Src/uart.d" -MT"Src/uart.o" --specs=nano.specs -mfpu=fpv4-sp-d16 -mfloat-abi=soft -mthumb -o "Src/uart.o"
arm-none-eabi-gcc -o "UART_poll_LED.elf" @"objects.list"   -mcpu=cortex-m4 -T"/home/krushna/STM32_Projects/UART_poll_LED/STM32F407VGTX_FLASH.ld" --specs=nosys.specs -Wl,-Map="UART_poll_LED.map" -Wl,--gc-sections -static --specs=nano.specs -mfpu=fpv4-sp-d16 -mfloat-abi=soft -mthumb -Wl,--start-group -lc -lm -Wl,--end-group
Finished building target: UART_poll_LED.elf
 
arm-none-eabi-size  UART_poll_LED.elf 
arm-none-eabi-objdump -h -S UART_poll_LED.elf  > "UART_poll_LED.list"
   text	   data	    bss	    dec	    hex	filename
   1492	      0	   1568	   3060	    bf4	UART_poll_LED.elf
Finished building: default.size.stdout
 
Finished building: UART_poll_LED.list
 

22:09:05 Build Finished. 0 errors, 0 warnings. (took 282ms)

